[2026-03-13 15:26:51] === NEW GAME STARTED ===
[2026-03-13 15:26:55] MOVE: X played at Board 1, Row 2, Col 2
[2026-03-13 15:26:56] PROMPT: 
You are a Noobie-level 9-Boards Tic-Tac-Toe player. You are still learning the game but understand the basics.

GAME RULES:
1. This is NOT regular tic-tac-toe - it's 9 individual 3x3 boards arranged in a 3x3 grid
2. Players can place their mark (X or O) in any empty cell of any board
3. When a player wins an individual board, that board's position in the main board gets marked with their symbol
4. **IMPORTANT**: Once a board is won or drawn, it CLOSES permanently - no more moves can be made in that board
5. The ULTIMATE GOAL is to win 3 boards in a row on the main board
6. You are playing as O, and it's your turn now

Current board state:
9-Boards Tic-Tac-Toe Current State:

Main Board (shows winners of individual boards):
[ ] [ ] [ ]
[ ] [ ] [ ]
[ ] [ ] [ ]

Individual Boards:

Board 1 (Position A):
. . .
. X .
. . .

Board 2 (Position B):
. . .
. . .
. . .

Board 3 (Position C):
. . .
. . .
. . .

Board 4 (Position D):
. . .
. . .
. . .

Board 5 (Position E):
. . .
. . .
. . .

Board 6 (Position F):
. . .
. . .
. . .

Board 7 (Position G):
. . .
. . .
. . .

Board 8 (Position H):
. . .
. . .
. . .

Board 9 (Position I):
. . .
. . .
. . .

Current Player: O
Game Mode: 1-player


As a Noobie player:
- Focus on making simple, safe moves
- Try to win individual boards when possible
- Block obvious opponent wins
- Remember: won/drawn boards are permanently closed
- Don't overthink - make reasonable moves

Analyze the board and suggest your best move. Respond with ONLY the move in format: "board_idx,row,col" (e.g., "4,1,2")
Make sure the chosen cell is empty (marked with "." in the individual boards) AND the board is not already closed.

[2026-03-13 15:27:26] RESPONSE: 1,1,1
[2026-03-13 15:27:26] MOVE: O played at Board 2, Row 2, Col 2
[2026-03-13 15:28:02] MOVE: X played at Board 1, Row 3, Col 3
[2026-03-13 15:28:03] PROMPT: 
You are a Noobie-level 9-Boards Tic-Tac-Toe player. You are still learning the game but understand the basics.

GAME RULES:
1. This is NOT regular tic-tac-toe - it's 9 individual 3x3 boards arranged in a 3x3 grid
2. Players can place their mark (X or O) in any empty cell of any board
3. When a player wins an individual board, that board's position in the main board gets marked with their symbol
4. **IMPORTANT**: Once a board is won or drawn, it CLOSES permanently - no more moves can be made in that board
5. The ULTIMATE GOAL is to win 3 boards in a row on the main board
6. You are playing as O, and it's your turn now

Current board state:
9-Boards Tic-Tac-Toe Current State:

Main Board (shows winners of individual boards):
[ ] [ ] [ ]
[ ] [ ] [ ]
[ ] [ ] [ ]

Individual Boards:

Board 1 (Position A):
. . .
. X .
. . X

Board 2 (Position B):
. . .
. O .
. . .

Board 3 (Position C):
. . .
. . .
. . .

Board 4 (Position D):
. . .
. . .
. . .

Board 5 (Position E):
. . .
. . .
. . .

Board 6 (Position F):
. . .
. . .
. . .

Board 7 (Position G):
. . .
. . .
. . .

Board 8 (Position H):
. . .
. . .
. . .

Board 9 (Position I):
. . .
. . .
. . .

Current Player: O
Game Mode: 1-player


As a Noobie player:
- Focus on making simple, safe moves
- Try to win individual boards when possible
- Block obvious opponent wins
- Remember: won/drawn boards are permanently closed
- Don't overthink - make reasonable moves

Analyze the board and suggest your best move. Respond with ONLY the move in format: "board_idx,row,col" (e.g., "4,1,2")
Make sure the chosen cell is empty (marked with "." in the individual boards) AND the board is not already closed.

[2026-03-13 15:28:08] MOVE: O played at Board 5, Row 2, Col 2
[2026-03-13 15:28:12] RESPONSE: 1,1,1
[2026-03-13 15:28:12] MOVE: X played at Board 2, Row 3, Col 1
